Initialized native services in: C:\Users\dattr\.gradle\native
Initialized jansi services in: C:\Users\dattr\.gradle\native
The client will now receive all logging from the daemon (pid: 18232). The daemon log file: C:\Users\dattr\.gradle\daemon\8.12\daemon-18232.out.log
Starting 6th build in daemon [uptime: 15 mins 5.052 secs, performance: 100%, GC rate: 0.00/s, heap usage: 0% of 512 MiB, non-heap usage: 12% of 384 MiB]
Using 16 worker leases.
Now considering [E:\IT-project\clickhouse-query-fluent] as hierarchies to watch
Watching the file system is configured to be enabled if available
File system watching is active
Starting Build
Settings evaluated using settings file 'E:\IT-project\clickhouse-query-fluent\settings.gradle'.
Projects loaded. Root project using build file 'E:\IT-project\clickhouse-query-fluent\build.gradle'.
Included projects: [root project 'clickhouse-query-builder']

> Configure project :
Evaluating root project 'clickhouse-query-builder' using build file 'E:\IT-project\clickhouse-query-fluent\build.gradle'.
Resolved plugin [id: 'java-library']
Resolved plugin [id: 'maven-publish']
Resolved plugin [id: 'jacoco']
All projects evaluated.
Task name matched 'classes'
Selected primary task 'classes' from project :
Watched directory hierarchies: []
